// Jest Snapshot v1, https://goo.gl/fbAQLP

exports[`Request Me From Token Saga should dispatch meRequestFailed on failure 1`] = `
Object {
  "@@redux-saga/IO": true,
  "CALL": Object {
    "args": Array [
      "/me?token=exampletoken",
    ],
    "context": null,
    "fn": [Function],
  },
}
`;

exports[`Request Me From Token Saga should dispatch meRequestSuccess on success 1`] = `
Object {
  "@@redux-saga/IO": true,
  "CALL": Object {
    "args": Array [
      "/me?token=exampletoken",
    ],
    "context": null,
    "fn": [Function],
  },
}
`;
