// Jest Snapshot v1, https://goo.gl/fbAQLP

exports[`loadSites Saga OnFailed should dispatch failed on failure 1`] = `
Object {
  "@@redux-saga/IO": true,
  "CALL": Object {
    "args": Array [
      "/sites",
    ],
    "context": null,
    "fn": [Function],
  },
}
`;

exports[`loadSites Saga OnSuccess should dispatch success action on success 1`] = `
Object {
  "@@redux-saga/IO": true,
  "CALL": Object {
    "args": Array [
      "/sites",
    ],
    "context": null,
    "fn": [Function],
  },
}
`;
